Release 14.4 - xst P.49d (nt64)
Copyright (c) 1995-2012 Xilinx, Inc.  All rights reserved.
--> Parameter TMPDIR set to xst/projnav.tmp


Total REAL time to Xst completion: 0.00 secs
Total CPU time to Xst completion: 0.08 secs
 
--> Parameter xsthdpdir set to xst


Total REAL time to Xst completion: 0.00 secs
Total CPU time to Xst completion: 0.08 secs
 
--> Reading design: TOP_ENTITY.prj

TABLE OF CONTENTS
  1) Synthesis Options Summary
  2) HDL Parsing
  3) HDL Elaboration
  4) HDL Synthesis
       4.1) HDL Synthesis Report
  5) Advanced HDL Synthesis
       5.1) Advanced HDL Synthesis Report
  6) Low Level Synthesis
  7) Partition Report
  8) Design Summary
       8.1) Primitive and Black Box Usage
       8.2) Device utilization summary
       8.3) Partition Resource Summary
       8.4) Timing Report
            8.4.1) Clock Information
            8.4.2) Asynchronous Control Signals Information
            8.4.3) Timing Summary
            8.4.4) Timing Details
            8.4.5) Cross Clock Domains Report


=========================================================================
*                      Synthesis Options Summary                        *
=========================================================================
---- Source Parameters
Input File Name                    : "TOP_ENTITY.prj"
Ignore Synthesis Constraint File   : NO

---- Target Parameters
Output File Name                   : "TOP_ENTITY"
Output Format                      : NGC
Target Device                      : xc6slx16-2-csg324

---- Source Options
Top Module Name                    : TOP_ENTITY
Automatic FSM Extraction           : YES
FSM Encoding Algorithm             : Auto
Safe Implementation                : No
FSM Style                          : LUT
RAM Extraction                     : Yes
RAM Style                          : Auto
ROM Extraction                     : Yes
Shift Register Extraction          : YES
ROM Style                          : Auto
Resource Sharing                   : YES
Asynchronous To Synchronous        : NO
Shift Register Minimum Size        : 2
Use DSP Block                      : Auto
Automatic Register Balancing       : No

---- Target Options
LUT Combining                      : Auto
Reduce Control Sets                : Auto
Add IO Buffers                     : YES
Global Maximum Fanout              : 100000
Add Generic Clock Buffer(BUFG)     : 16
Register Duplication               : YES
Optimize Instantiated Primitives   : NO
Use Clock Enable                   : Auto
Use Synchronous Set                : Auto
Use Synchronous Reset              : Auto
Pack IO Registers into IOBs        : Auto
Equivalent register Removal        : YES

---- General Options
Optimization Goal                  : Speed
Optimization Effort                : 1
Power Reduction                    : NO
Keep Hierarchy                     : No
Netlist Hierarchy                  : As_Optimized
RTL Output                         : Yes
Global Optimization                : AllClockNets
Read Cores                         : YES
Write Timing Constraints           : NO
Cross Clock Analysis               : NO
Hierarchy Separator                : /
Bus Delimiter                      : <>
Case Specifier                     : Maintain
Slice Utilization Ratio            : 100
BRAM Utilization Ratio             : 100
DSP48 Utilization Ratio            : 100
Auto BRAM Packing                  : NO
Slice Utilization Ratio Delta      : 5

=========================================================================


=========================================================================
*                          HDL Parsing                                  *
=========================================================================
Parsing VHDL file "E:\Namislo-Koegler\SEV_SEG_MUX.vhd" into library work
Parsing entity <SEV_SEG_MUX>.
Parsing architecture <SEV_SEG_MUX_behave> of entity <sev_seg_mux>.
Parsing VHDL file "E:\Namislo-Koegler\FREQ_DIVIDER.vhd" into library work
Parsing entity <FREQ_DIVIDER>.
Parsing architecture <FREQ_DIVIDER_BEHAVE> of entity <freq_divider>.
Parsing VHDL file "E:\Namislo-Koegler\DEBOUNCE.vhd" into library work
Parsing entity <DEBOUNCE>.
Parsing architecture <Behavioral> of entity <debounce>.
Parsing VHDL file "E:\Namislo-Koegler\CONTROL_UNIT.vhd" into library work
Parsing entity <CONTROL_UNIT>.
Parsing architecture <CONTROL_UNIT_BEHAVE> of entity <control_unit>.
Parsing VHDL file "E:\Namislo-Koegler\ADDA.vhd" into library work
Parsing entity <ADDA>.
Parsing architecture <Behavioral> of entity <adda>.
Parsing VHDL file "E:\Namislo-Koegler\TOP_ENTITY.vhf" into library work
Parsing entity <TOP_ENTITY>.
Parsing architecture <BEHAVIORAL> of entity <top_entity>.

=========================================================================
*                            HDL Elaboration                            *
=========================================================================

Elaborating entity <TOP_ENTITY> (architecture <BEHAVIORAL>) from library <work>.

Elaborating entity <CONTROL_UNIT> (architecture <CONTROL_UNIT_BEHAVE>) from library <work>.
INFO:HDLCompiler:679 - "E:\Namislo-Koegler\CONTROL_UNIT.vhd" Line 199. Case statement is complete. others clause is never selected

Elaborating entity <FREQ_DIVIDER> (architecture <FREQ_DIVIDER_BEHAVE>) from library <work>.

Elaborating entity <SEV_SEG_MUX> (architecture <SEV_SEG_MUX_behave>) from library <work>.

Elaborating entity <DEBOUNCE> (architecture <Behavioral>) from library <work>.

Elaborating entity <ADDA> (architecture <Behavioral>) from library <work>.
WARNING:HDLCompiler:1127 - "E:\Namislo-Koegler\ADDA.vhd" Line 44: Assignment to ics ignored, since the identifier is never used
WARNING:HDLCompiler:1127 - "E:\Namislo-Koegler\ADDA.vhd" Line 96: Assignment to daics ignored, since the identifier is never used

=========================================================================
*                           HDL Synthesis                               *
=========================================================================

Synthesizing Unit <TOP_ENTITY>.
    Related source file is "E:\Namislo-Koegler\TOP_ENTITY.vhf".
INFO:Xst:3210 - "E:\Namislo-Koegler\TOP_ENTITY.vhf" line 134: Output port <PLAY_O> of the instance <XLXI_1> is unconnected or connected to loadless signal.
INFO:Xst:3210 - "E:\Namislo-Koegler\TOP_ENTITY.vhf" line 134: Output port <REC_O> of the instance <XLXI_1> is unconnected or connected to loadless signal.
INFO:Xst:3210 - "E:\Namislo-Koegler\TOP_ENTITY.vhf" line 134: Output port <REVERSE_O> of the instance <XLXI_1> is unconnected or connected to loadless signal.
    Summary:
	no macro.
Unit <TOP_ENTITY> synthesized.

Synthesizing Unit <CONTROL_UNIT>.
    Related source file is "E:\Namislo-Koegler\CONTROL_UNIT.vhd".
    Found 8-bit register for signal <LED_I>.
    Found 5-bit register for signal <BCD_01_I>.
    Found 5-bit register for signal <BCD_02_I>.
    Found 5-bit register for signal <BCD_03_I>.
    Found 5-bit register for signal <BCD_04_I>.
    Found 8-bit register for signal <VOL>.
    Found 8-bit register for signal <SPEED_I>.
    Found 1-bit register for signal <REC_I>.
    Found 1-bit register for signal <PLAY_I>.
    Found 1-bit register for signal <REVERSE_I>.
    Found 12-bit register for signal <DABUS_L_I>.
    Found 12-bit register for signal <DABUS_R_I>.
    Found 3-bit register for signal <CURRENT_STATE>.
    Found finite state machine <FSM_0> for signal <CURRENT_STATE>.
    -----------------------------------------------------------------------
    | States             | 8                                              |
    | Transitions        | 24                                             |
    | Inputs             | 2                                              |
    | Outputs            | 8                                              |
    | Clock              | CLK_I (rising_edge)                            |
    | Reset              | RESET_I (positive)                             |
    | Reset type         | synchronous                                    |
    | Reset State        | idle                                           |
    | Power Up State     | idle                                           |
    | Encoding           | auto                                           |
    | Implementation     | LUT                                            |
    -----------------------------------------------------------------------
    Found 8-bit adder for signal <VOL[7]_GND_6_o_add_17_OUT> created at line 1241.
    Found 8-bit adder for signal <SPEED_I[7]_GND_6_o_add_32_OUT> created at line 1241.
    Found 8-bit subtractor for signal <GND_6_o_GND_6_o_sub_21_OUT<7:0>> created at line 1308.
    Found 8-bit subtractor for signal <GND_6_o_GND_6_o_sub_36_OUT<7:0>> created at line 1308.
    Found 5-bit 8-to-1 multiplexer for signal <CURRENT_STATE[2]_GND_6_o_wide_mux_50_OUT> created at line 61.
    Found 5-bit 8-to-1 multiplexer for signal <CURRENT_STATE[2]_GND_6_o_wide_mux_51_OUT> created at line 61.
    WARNING:Xst:2404 -  FFs/Latches <DPS_I<1:4>> (without init value) have a constant value of 1 in block <CONTROL_UNIT>.
    Summary:
	inferred   2 Adder/Subtractor(s).
	inferred  71 D-type flip-flop(s).
	inferred  10 Multiplexer(s).
	inferred   1 Finite State Machine(s).
Unit <CONTROL_UNIT> synthesized.

Synthesizing Unit <FREQ_DIVIDER>.
    Related source file is "E:\Namislo-Koegler\FREQ_DIVIDER.vhd".
    Found 1-bit register for signal <INT_48>.
    Found 7-bit register for signal <INT_COUNT_400>.
    Found 1-bit register for signal <INT_400>.
    Found 12-bit register for signal <INT_COUNT_48>.
    Found 12-bit adder for signal <INT_COUNT_48[11]_GND_7_o_add_0_OUT> created at line 1241.
    Found 7-bit adder for signal <INT_COUNT_400[6]_GND_7_o_add_5_OUT> created at line 1241.
    Summary:
	inferred   2 Adder/Subtractor(s).
	inferred  21 D-type flip-flop(s).
	inferred   3 Multiplexer(s).
Unit <FREQ_DIVIDER> synthesized.

Synthesizing Unit <SEV_SEG_MUX>.
    Related source file is "E:\Namislo-Koegler\SEV_SEG_MUX.vhd".
    Found 2-bit register for signal <INT_COUNT>.
    Found 2-bit adder for signal <INT_COUNT[1]_GND_8_o_add_0_OUT> created at line 1241.
    Found 4x4-bit Read Only RAM for signal <ANODE_O>
    Found 32x7-bit Read Only RAM for signal <INT_DSIPLAY>
    Found 1-bit 4-to-1 multiplexer for signal <DP_O> created at line 57.
    Found 1-bit 4-to-1 multiplexer for signal <INT_BCD<4>> created at line 64.
    Found 1-bit 4-to-1 multiplexer for signal <INT_BCD<3>> created at line 64.
    Found 1-bit 4-to-1 multiplexer for signal <INT_BCD<2>> created at line 64.
    Found 1-bit 4-to-1 multiplexer for signal <INT_BCD<1>> created at line 64.
    Found 1-bit 4-to-1 multiplexer for signal <INT_BCD<0>> created at line 64.
    Summary:
	inferred   2 RAM(s).
	inferred   1 Adder/Subtractor(s).
	inferred   2 D-type flip-flop(s).
	inferred   7 Multiplexer(s).
Unit <SEV_SEG_MUX> synthesized.

Synthesizing Unit <DEBOUNCE>.
    Related source file is "E:\Namislo-Koegler\DEBOUNCE.vhd".
    Found 5-bit register for signal <shift<1>>.
    Found 5-bit register for signal <shift<2>>.
    Found 5-bit register for signal <shift<3>>.
    Found 5-bit register for signal <shift<4>>.
    Found 5-bit register for signal <BUTTON_O>.
    Found 5-bit register for signal <shift<0>>.
    Summary:
	inferred  30 D-type flip-flop(s).
	inferred   9 Multiplexer(s).
Unit <DEBOUNCE> synthesized.

Synthesizing Unit <ADDA>.
    Related source file is "E:\Namislo-Koegler\ADDA.vhd".
WARNING:Xst:647 - Input <CLK_48_I> is never used. This port will be preserved and left unconnected if it belongs to a top-level block or it belongs to a sub-block and the hierarchy of this sub-block is preserved.
    Found 1-bit register for signal <tmp>.
    Found 1-bit register for signal <ADCS_O>.
    Found 12-bit register for signal <input_r_o>.
    Found 12-bit register for signal <input_r>.
    Found 12-bit register for signal <input_l>.
    Found 12-bit register for signal <input_l_o>.
    Found 9-bit register for signal <dacnt>.
    Found 1-bit register for signal <datmp>.
    Found 1-bit register for signal <DACS_O>.
    Found 1-bit register for signal <output_r>.
    Found 1-bit register for signal <output_l>.
    Found 16-bit register for signal <output_l_i>.
    Found 16-bit register for signal <output_r_i>.
    Found 9-bit register for signal <adcnt>.
    Found 9-bit adder for signal <adcnt[8]_GND_10_o_add_0_OUT> created at line 1241.
    Found 9-bit adder for signal <dacnt[8]_GND_10_o_add_22_OUT> created at line 1241.
    Found 9-bit comparator greater for signal <GND_10_o_adcnt[8]_LessThan_4_o> created at line 64
    Found 9-bit comparator greater for signal <adcnt[8]_GND_10_o_LessThan_5_o> created at line 64
    Found 9-bit comparator greater for signal <GND_10_o_dacnt[8]_LessThan_26_o> created at line 110
    Found 9-bit comparator greater for signal <dacnt[8]_GND_10_o_LessThan_27_o> created at line 110
    Summary:
	inferred   2 Adder/Subtractor(s).
	inferred 104 D-type flip-flop(s).
	inferred   4 Comparator(s).
	inferred  36 Multiplexer(s).
Unit <ADDA> synthesized.

=========================================================================
HDL Synthesis Report

Macro Statistics
# RAMs                                                 : 2
 32x7-bit single-port Read Only RAM                    : 1
 4x4-bit single-port Read Only RAM                     : 1
# Adders/Subtractors                                   : 7
 12-bit adder                                          : 1
 2-bit adder                                           : 1
 7-bit adder                                           : 1
 8-bit addsub                                          : 2
 9-bit adder                                           : 2
# Registers                                            : 37
 1-bit register                                        : 11
 12-bit register                                       : 7
 16-bit register                                       : 2
 2-bit register                                        : 1
 5-bit register                                        : 10
 7-bit register                                        : 1
 8-bit register                                        : 3
 9-bit register                                        : 2
# Comparators                                          : 4
 9-bit comparator greater                              : 4
# Multiplexers                                         : 65
 1-bit 2-to-1 multiplexer                              : 42
 1-bit 4-to-1 multiplexer                              : 6
 12-bit 2-to-1 multiplexer                             : 3
 16-bit 2-to-1 multiplexer                             : 2
 2-bit 2-to-1 multiplexer                              : 1
 5-bit 2-to-1 multiplexer                              : 1
 5-bit 8-to-1 multiplexer                              : 2
 7-bit 2-to-1 multiplexer                              : 1
 8-bit 2-to-1 multiplexer                              : 5
 9-bit 2-to-1 multiplexer                              : 2
# FSMs                                                 : 1

=========================================================================

=========================================================================
*                       Advanced HDL Synthesis                          *
=========================================================================


Synthesizing (advanced) Unit <ADDA>.
The following registers are absorbed into counter <dacnt>: 1 register on signal <dacnt>.
The following registers are absorbed into counter <adcnt>: 1 register on signal <adcnt>.
Unit <ADDA> synthesized (advanced).

Synthesizing (advanced) Unit <CONTROL_UNIT>.
The following registers are absorbed into counter <VOL>: 1 register on signal <VOL>.
The following registers are absorbed into counter <SPEED_I>: 1 register on signal <SPEED_I>.
Unit <CONTROL_UNIT> synthesized (advanced).

Synthesizing (advanced) Unit <FREQ_DIVIDER>.
The following registers are absorbed into counter <INT_COUNT_48>: 1 register on signal <INT_COUNT_48>.
The following registers are absorbed into counter <INT_COUNT_400>: 1 register on signal <INT_COUNT_400>.
Unit <FREQ_DIVIDER> synthesized (advanced).

Synthesizing (advanced) Unit <SEV_SEG_MUX>.
INFO:Xst:3231 - The small RAM <Mram_ANODE_O> will be implemented on LUTs in order to maximize performance and save block RAM resources. If you want to force its implementation on block, use option/constraint ram_style.
    -----------------------------------------------------------------------
    | ram_type           | Distributed                         |          |
    -----------------------------------------------------------------------
    | Port A                                                              |
    |     aspect ratio   | 4-word x 4-bit                      |          |
    |     weA            | connected to signal <GND>           | high     |
    |     addrA          | connected to signal <INT_COUNT>     |          |
    |     diA            | connected to signal <GND>           |          |
    |     doA            | connected to signal <ANODE_O>       |          |
    -----------------------------------------------------------------------
INFO:Xst:3218 - HDL ADVISOR - The RAM <Mram_INT_DSIPLAY> will be implemented on LUTs either because you have described an asynchronous read or because of currently unsupported block RAM features. If you have described an asynchronous read, making it synchronous would allow you to take advantage of available block RAM resources, for optimized device usage and improved timings. Please refer to your documentation for coding guidelines.
    -----------------------------------------------------------------------
    | ram_type           | Distributed                         |          |
    -----------------------------------------------------------------------
    | Port A                                                              |
    |     aspect ratio   | 32-word x 7-bit                     |          |
    |     weA            | connected to signal <GND>           | high     |
    |     addrA          | connected to signal <INT_BCD>       |          |
    |     diA            | connected to signal <GND>           |          |
    |     doA            | connected to signal <INT_DSIPLAY>   |          |
    -----------------------------------------------------------------------
Unit <SEV_SEG_MUX> synthesized (advanced).

=========================================================================
Advanced HDL Synthesis Report

Macro Statistics
# RAMs                                                 : 2
 32x7-bit single-port distributed Read Only RAM        : 1
 4x4-bit single-port distributed Read Only RAM         : 1
# Adders/Subtractors                                   : 1
 2-bit adder                                           : 1
# Counters                                             : 6
 12-bit up counter                                     : 1
 7-bit up counter                                      : 1
 8-bit updown counter                                  : 2
 9-bit up counter                                      : 2
# Registers                                            : 175
 Flip-Flops                                            : 175
# Comparators                                          : 4
 9-bit comparator greater                              : 4
# Multiplexers                                         : 60
 1-bit 2-to-1 multiplexer                              : 42
 1-bit 4-to-1 multiplexer                              : 6
 12-bit 2-to-1 multiplexer                             : 2
 16-bit 2-to-1 multiplexer                             : 2
 5-bit 2-to-1 multiplexer                              : 1
 5-bit 8-to-1 multiplexer                              : 2
 8-bit 2-to-1 multiplexer                              : 5
# FSMs                                                 : 1

=========================================================================

=========================================================================
*                         Low Level Synthesis                           *
=========================================================================
Analyzing FSM <MFsm> for best encoding.
Optimizing FSM <XLXI_1/FSM_0> on signal <CURRENT_STATE[1:3]> with user encoding.
---------------------
 State   | Encoding
---------------------
 idle    | 000
 rec     | 001
 play    | 010
 volume  | 011
 reverse | 100
 speed   | 101
 ad_l    | 110
 ad_r    | 111
---------------------

Optimizing unit <TOP_ENTITY> ...

Optimizing unit <DEBOUNCE> ...

Optimizing unit <ADDA> ...

Optimizing unit <CONTROL_UNIT> ...
WARNING:Xst:1710 - FF/Latch <LED_I_4> (without init value) has a constant value of 0 in block <CONTROL_UNIT>. This FF/Latch will be trimmed during the optimization process.
WARNING:Xst:1895 - Due to other FF/Latch trimming, FF/Latch <LED_I_5> (without init value) has a constant value of 0 in block <CONTROL_UNIT>. This FF/Latch will be trimmed during the optimization process.
WARNING:Xst:1895 - Due to other FF/Latch trimming, FF/Latch <LED_I_6> (without init value) has a constant value of 0 in block <CONTROL_UNIT>. This FF/Latch will be trimmed during the optimization process.
WARNING:Xst:1895 - Due to other FF/Latch trimming, FF/Latch <LED_I_7> (without init value) has a constant value of 0 in block <CONTROL_UNIT>. This FF/Latch will be trimmed during the optimization process.

Optimizing unit <SEV_SEG_MUX> ...
WARNING:Xst:2677 - Node <XLXI_1/REVERSE_I> of sequential type is unconnected in block <TOP_ENTITY>.
WARNING:Xst:2677 - Node <XLXI_1/REC_I> of sequential type is unconnected in block <TOP_ENTITY>.
WARNING:Xst:1710 - FF/Latch <XLXI_5/adcnt_8> (without init value) has a constant value of 0 in block <TOP_ENTITY>. This FF/Latch will be trimmed during the optimization process.
WARNING:Xst:1895 - Due to other FF/Latch trimming, FF/Latch <XLXI_5/dacnt_8> (without init value) has a constant value of 0 in block <TOP_ENTITY>. This FF/Latch will be trimmed during the optimization process.
INFO:Xst:2261 - The FF/Latch <XLXI_5/datmp> in Unit <TOP_ENTITY> is equivalent to the following FF/Latch, which will be removed : <XLXI_5/tmp> 
INFO:Xst:2261 - The FF/Latch <XLXI_5/adcnt_0> in Unit <TOP_ENTITY> is equivalent to the following FF/Latch, which will be removed : <XLXI_5/dacnt_0> 
INFO:Xst:2261 - The FF/Latch <XLXI_5/adcnt_1> in Unit <TOP_ENTITY> is equivalent to the following FF/Latch, which will be removed : <XLXI_5/dacnt_1> 
INFO:Xst:2261 - The FF/Latch <XLXI_5/adcnt_2> in Unit <TOP_ENTITY> is equivalent to the following FF/Latch, which will be removed : <XLXI_5/dacnt_2> 
INFO:Xst:2261 - The FF/Latch <XLXI_5/adcnt_3> in Unit <TOP_ENTITY> is equivalent to the following FF/Latch, which will be removed : <XLXI_5/dacnt_3> 
INFO:Xst:2261 - The FF/Latch <XLXI_5/adcnt_4> in Unit <TOP_ENTITY> is equivalent to the following FF/Latch, which will be removed : <XLXI_5/dacnt_4> 
INFO:Xst:2261 - The FF/Latch <XLXI_5/adcnt_5> in Unit <TOP_ENTITY> is equivalent to the following FF/Latch, which will be removed : <XLXI_5/dacnt_5> 
INFO:Xst:2261 - The FF/Latch <XLXI_5/adcnt_6> in Unit <TOP_ENTITY> is equivalent to the following FF/Latch, which will be removed : <XLXI_5/dacnt_6> 
INFO:Xst:2261 - The FF/Latch <XLXI_5/adcnt_7> in Unit <TOP_ENTITY> is equivalent to the following FF/Latch, which will be removed : <XLXI_5/dacnt_7> 

Mapping all equations...
Building and optimizing final netlist ...
Found area constraint ratio of 100 (+ 5) on block TOP_ENTITY, actual ratio is 3.
FlipFlop XLXI_4/BUTTON_O_0 has been replicated 2 time(s)
FlipFlop XLXI_4/BUTTON_O_1 has been replicated 1 time(s)
FlipFlop XLXI_4/BUTTON_O_2 has been replicated 2 time(s)
FlipFlop XLXI_4/BUTTON_O_3 has been replicated 1 time(s)
FlipFlop XLXI_4/BUTTON_O_4 has been replicated 1 time(s)
FlipFlop XLXI_5/adcnt_1 has been replicated 1 time(s)
FlipFlop XLXI_5/adcnt_2 has been replicated 2 time(s)

Final Macro Processing ...

=========================================================================
Final Register Report

Macro Statistics
# Registers                                            : 224
 Flip-Flops                                            : 224

=========================================================================

=========================================================================
*                           Partition Report                            *
=========================================================================

Partition Implementation Status
-------------------------------

  No Partitions were found in this design.

-------------------------------

=========================================================================
*                            Design Summary                             *
=========================================================================

Top Level Output File Name         : TOP_ENTITY.ngc

Primitive and Black Box Usage:
------------------------------
# BELS                             : 313
#      GND                         : 1
#      INV                         : 5
#      LUT1                        : 13
#      LUT2                        : 12
#      LUT3                        : 39
#      LUT4                        : 17
#      LUT5                        : 84
#      LUT6                        : 73
#      MUXCY                       : 32
#      VCC                         : 1
#      XORCY                       : 36
# FlipFlops/Latches                : 224
#      FD                          : 13
#      FDE                         : 68
#      FDR                         : 53
#      FDRE                        : 79
#      FDS                         : 10
#      FDSE                        : 1
# Clock Buffers                    : 1
#      BUFGP                       : 1
# IO Buffers                       : 60
#      IBUF                        : 8
#      OBUF                        : 52

Device utilization summary:
---------------------------

Selected Device : 6slx16csg324-2 


Slice Logic Utilization: 
 Number of Slice Registers:             224  out of  18224     1%  
 Number of Slice LUTs:                  243  out of   9112     2%  
    Number used as Logic:               243  out of   9112     2%  

Slice Logic Distribution: 
 Number of LUT Flip Flop pairs used:    292
   Number with an unused Flip Flop:      68  out of    292    23%  
   Number with an unused LUT:            49  out of    292    16%  
   Number of fully used LUT-FF pairs:   175  out of    292    59%  
   Number of unique control sets:        10

IO Utilization: 
 Number of IOs:                          61
 Number of bonded IOBs:                  61  out of    232    26%  

Specific Feature Utilization:
 Number of BUFG/BUFGCTRLs:                1  out of     16     6%  

---------------------------
Partition Resource Summary:
---------------------------

  No Partitions were found in this design.

---------------------------


=========================================================================
Timing Report

NOTE: THESE TIMING NUMBERS ARE ONLY A SYNTHESIS ESTIMATE.
      FOR ACCURATE TIMING INFORMATION PLEASE REFER TO THE TRACE REPORT
      GENERATED AFTER PLACE-and-ROUTE.

Clock Information:
------------------
-----------------------------------+------------------------+-------+
Clock Signal                       | Clock buffer(FF name)  | Load  |
-----------------------------------+------------------------+-------+
clk_I                              | BUFGP                  | 224   |
-----------------------------------+------------------------+-------+

Asynchronous Control Signals Information:
----------------------------------------
No asynchronous control signals found in this design

Timing Summary:
---------------
Speed Grade: -2

   Minimum period: 4.415ns (Maximum Frequency: 226.501MHz)
   Minimum input arrival time before clock: 6.063ns
   Maximum output required time after clock: 7.460ns
   Maximum combinational path delay: No path found

Timing Details:
---------------
All values displayed in nanoseconds (ns)

=========================================================================
Timing constraint: Default period analysis for Clock 'clk_I'
  Clock period: 4.415ns (frequency: 226.501MHz)
  Total number of paths / destination ports: 2794 / 323
-------------------------------------------------------------------------
Delay:               4.415ns (Levels of Logic = 3)
  Source:            XLXI_5/adcnt_0 (FF)
  Destination:       XLXI_5/output_r_i_15 (FF)
  Source Clock:      clk_I rising
  Destination Clock: clk_I rising

  Data Path: XLXI_5/adcnt_0 to XLXI_5/output_r_i_15
                                Gate     Net
    Cell:in->out      fanout   Delay   Delay  Logical Name (Net Name)
    ----------------------------------------  ------------
     FDR:C->Q              7   0.525   1.138  XLXI_5/adcnt_0 (XLXI_5/adcnt_0)
     LUT4:I1->O            2   0.235   0.726  XLXI_5/dacnt[8]_GND_10_o_equal_24_o<8>11 (XLXI_5/dacnt[8]_GND_10_o_equal_24_o<8>1)
     LUT5:I4->O           17   0.254   1.209  XLXI_5/dacnt[8]_GND_10_o_equal_28_o<8>1 (XLXI_5/dacnt[8]_GND_10_o_equal_28_o)
     LUT3:I2->O            1   0.254   0.000  XLXI_5/Mmux_output_l_i[15]_DA_BUS_L_O[11]_mux_28_OUT71 (XLXI_5/output_l_i[15]_DA_BUS_L_O[11]_mux_28_OUT<15>)
     FDE:D                     0.074          XLXI_5/output_l_i_15
    ----------------------------------------
    Total                      4.415ns (1.342ns logic, 3.073ns route)
                                       (30.4% logic, 69.6% route)

=========================================================================
Timing constraint: Default OFFSET IN BEFORE for Clock 'clk_I'
  Total number of paths / destination ports: 230 / 230
-------------------------------------------------------------------------
Offset:              6.063ns (Levels of Logic = 2)
  Source:            Reset (PAD)
  Destination:       XLXI_1/DABUS_R_I_11 (FF)
  Destination Clock: clk_I rising

  Data Path: Reset to XLXI_1/DABUS_R_I_11
                                Gate     Net
    Cell:in->out      fanout   Delay   Delay  Logical Name (Net Name)
    ----------------------------------------  ------------
     IBUF:I->O           157   1.328   2.800  Reset_IBUF (Reset_IBUF)
     LUT5:I0->O           24   0.254   1.379  XLXI_1/_n0219_inv1 (XLXI_1/_n0219_inv)
     FDE:CE                    0.302          XLXI_1/DABUS_L_I_0
    ----------------------------------------
    Total                      6.063ns (1.884ns logic, 4.179ns route)
                                       (31.1% logic, 68.9% route)

=========================================================================
Timing constraint: Default OFFSET OUT AFTER for Clock 'clk_I'
  Total number of paths / destination ports: 254 / 47
-------------------------------------------------------------------------
Offset:              7.460ns (Levels of Logic = 3)
  Source:            XLXI_3/INT_COUNT_0 (FF)
  Destination:       seg<6> (PAD)
  Source Clock:      clk_I rising

  Data Path: XLXI_3/INT_COUNT_0 to seg<6>
                                Gate     Net
    Cell:in->out      fanout   Delay   Delay  Logical Name (Net Name)
    ----------------------------------------  ------------
     FDRE:C->Q            11   0.525   1.494  XLXI_3/INT_COUNT_0 (XLXI_3/INT_COUNT_0)
     LUT6:I0->O            7   0.254   1.340  XLXI_3/Mmux_INT_BCD<3>11 (XLXI_3/INT_BCD<3>)
     LUT5:I0->O            1   0.254   0.681  XLXI_3/Mram_INT_DSIPLAY21 (seg_2_OBUF)
     OBUF:I->O                 2.912          seg_2_OBUF (seg<2>)
    ----------------------------------------
    Total                      7.460ns (3.945ns logic, 3.515ns route)
                                       (52.9% logic, 47.1% route)

=========================================================================

Cross Clock Domains Report:
--------------------------

Clock to Setup on destination clock clk_I
---------------+---------+---------+---------+---------+
               | Src:Rise| Src:Fall| Src:Rise| Src:Fall|
Source Clock   |Dest:Rise|Dest:Rise|Dest:Fall|Dest:Fall|
---------------+---------+---------+---------+---------+
clk_I          |    4.415|         |         |         |
---------------+---------+---------+---------+---------+

=========================================================================


Total REAL time to Xst completion: 6.00 secs
Total CPU time to Xst completion: 5.35 secs
 
--> 

Total memory usage is 285884 kilobytes

Number of errors   :    0 (   0 filtered)
Number of warnings :   12 (   0 filtered)
Number of infos    :   14 (   0 filtered)

